// Jest Snapshot v1, https://goo.gl/fbAQLP

exports[`renders correctly 1`] = `
<div
  className="sc-Axmtr gFKpTb"
>
  <p
    className="sc-AxmLO bmJSYo"
  >
    Loading...
  </p>
</div>
`;
